Sat Oct  3 13:56:43 2026
: Starting main()
Sat Oct  3 13:56:44 2026
: runDataPusher started
Sat Oct  3 13:56:44 2026
: Starting polling thread
Sat Oct  3 13:56:44 2026
: Data pusher configured for host: rolstraker.3fun.workers.dev path: /api/update?t=TgtJXQ0g
Sat Oct  3 13:56:44 2026
: Polling thread running
Sat Oct  3 17:46:10 2026
: Starting main()
Sat Oct  3 17:46:32 2026
: runDataPusher started
Sat Oct  3 17:46:32 2026
: Starting polling thread
Sat Oct  3 17:46:32 2026
: Data pusher configured for host: rolstraker.3fun.workers.dev path: /api/update?t=Prd7agHJ
Sat Oct  3 17:46:32 2026
: Polling thread running
Sat Oct  3 20:25:03 2026
: Starting main()
Sat Oct  3 20:25:04 2026
: runDataPusher started
Sat Oct  3 20:25:04 2026
: Starting polling thread
Sat Oct  3 20:25:04 2026
: Data pusher configured for host: rolstraker.3fun.workers.dev path: /api/update?t=xdw68um3
Sat Oct  3 20:25:04 2026
: Polling thread running
Sat Oct  3 20:25:11 2026
: Starting main()
Sat Oct  3 20:25:11 2026
: runDataPusher started
Sat Oct  3 20:25:11 2026
: Data pusher configured for host: rolstraker.3fun.workers.dev path: /api/update?t=2H1Qwyl4
Sat Oct  3 20:25:11 2026
: Starting polling thread
Sat Oct  3 20:25:11 2026
: Polling thread running
